2026-09-18 00:57:41,012 | INFO | INSUMOS DE DESCARGA MANUAL
2026-09-18 00:57:41,012 | INFO |   A.5 | 2 archivo(s) | /mnt/data/anuario_work/Anuario-Estadistico-2026-7/data/manual/A.5
2026-09-18 00:57:41,012 | INFO |       Coloca aquí Datos_originales_y_actualizacion__1_.xlsx y 2026_2T_Flujos_TI_AC_3.xlsx. A.5 no descarga estos insumos.
2026-09-18 00:57:41,012 | INFO | 
2026-09-18 00:57:41,012 | INFO | Anuario Estadístico 2026 | corrida 20260918T005741009640Z_simulacion
2026-09-18 00:57:41,012 | INFO | Figuras seleccionadas: 105 de 105
2026-09-18 00:57:41,012 | INFO | 
2026-09-18 00:57:41,012 | INFO | [001/105] A.1 | LISTA
2026-09-18 00:57:41,013 | INFO | [002/105] A.2 | LISTA
2026-09-18 00:57:41,013 | INFO | [003/105] A.3 | LISTA
2026-09-18 00:57:41,013 | INFO | [004/105] A.4 | LISTA
2026-09-18 00:57:41,014 | INFO | [005/105] A.5 | LISTA
2026-09-18 00:57:41,014 | INFO | [006/105] A.6 | LISTA
2026-09-18 00:57:41,014 | INFO | [007/105] A.7 | LISTA
2026-09-18 00:57:41,014 | INFO | [008/105] A.8 | LISTA
2026-09-18 00:57:41,015 | INFO | [009/105] A.9 | LISTA
2026-09-18 00:57:41,015 | INFO | [010/105] A.10 | LISTA
2026-09-18 00:57:41,015 | INFO | [011/105] B.1 | LISTA
2026-09-18 00:57:41,016 | INFO | [012/105] B.2 | LISTA
2026-09-18 00:57:41,016 | INFO | [013/105] B.3 | LISTA
2026-09-18 00:57:41,016 | INFO | [014/105] B.4 | LISTA
2026-09-18 00:57:41,016 | INFO | [015/105] B.5 | LISTA
2026-09-18 00:57:41,017 | INFO | [016/105] B.6 | LISTA
2026-09-18 00:57:41,017 | INFO | [017/105] B.7 | LISTA
2026-09-18 00:57:41,017 | INFO | [018/105] B.8 | LISTA
2026-09-18 00:57:41,018 | INFO | [019/105] B.9 | LISTA
2026-09-18 00:57:41,018 | INFO | [020/105] B.10 | LISTA
2026-09-18 00:57:41,018 | INFO | [021/105] B.11 | LISTA
2026-09-18 00:57:41,019 | INFO | [022/105] B.12 | LISTA
2026-09-18 00:57:41,019 | INFO | [023/105] B.13 | LISTA
2026-09-18 00:57:41,019 | INFO | [024/105] B.14 | LISTA
2026-09-18 00:57:41,020 | INFO | [025/105] B.15 | LISTA
2026-09-18 00:57:41,020 | INFO | [026/105] B.16 | LISTA
2026-09-18 00:57:41,020 | INFO | [027/105] B.17 | LISTA
2026-09-18 00:57:41,021 | INFO | [028/105] B.18 | LISTA
2026-09-18 00:57:41,021 | INFO | [029/105] B.19 | LISTA
2026-09-18 00:57:41,021 | INFO | [030/105] B.20 | LISTA
2026-09-18 00:57:41,021 | INFO | [031/105] B.21 | LISTA
2026-09-18 00:57:41,022 | INFO | [032/105] B.22 | LISTA
2026-09-18 00:57:41,022 | INFO | [033/105] B.23 | LISTA
2026-09-18 00:57:41,023 | INFO | [034/105] B.24 | LISTA
2026-09-18 00:57:41,023 | INFO | [035/105] B.25 | LISTA
2026-09-18 00:57:41,023 | INFO | [036/105] C.1 | LISTA
2026-09-18 00:57:41,024 | INFO | [037/105] C.2 | LISTA
2026-09-18 00:57:41,024 | INFO | [038/105] C.3 | LISTA
2026-09-18 00:57:41,024 | INFO | [039/105] C.4 | LISTA
2026-09-18 00:57:41,025 | INFO | [040/105] C.5 | LISTA
2026-09-18 00:57:41,025 | INFO | [041/105] C.6 | LISTA
2026-09-18 00:57:41,025 | INFO | [042/105] C.7 | LISTA
2026-09-18 00:57:41,026 | INFO | [043/105] C.8 | LISTA
2026-09-18 00:57:41,026 | INFO | [044/105] C.9 | LISTA
2026-09-18 00:57:41,027 | INFO | [045/105] C.10 | LISTA
2026-09-18 00:57:41,027 | INFO | [046/105] C.11 | LISTA
2026-09-18 00:57:41,027 | INFO | [047/105] C.12 | LISTA
2026-09-18 00:57:41,028 | INFO | [048/105] C.13 | LISTA
2026-09-18 00:57:41,029 | INFO | [049/105] C.14 | LISTA
2026-09-18 00:57:41,029 | INFO | [050/105] C.15 | LISTA
2026-09-18 00:57:41,029 | INFO | [051/105] C.16 | LISTA
2026-09-18 00:57:41,030 | INFO | [052/105] D.1 | LISTA
2026-09-18 00:57:41,030 | INFO | [053/105] D.2 | LISTA
2026-09-18 00:57:41,031 | INFO | [054/105] D.3 | LISTA
2026-09-18 00:57:41,031 | INFO | [055/105] D.4 | LISTA
2026-09-18 00:57:41,032 | INFO | [056/105] D.5 | LISTA
2026-09-18 00:57:41,032 | INFO | [057/105] D.6 | LISTA
2026-09-18 00:57:41,033 | INFO | [058/105] D.7 | LISTA
2026-09-18 00:57:41,033 | INFO | [059/105] D.8 | LISTA
2026-09-18 00:57:41,034 | INFO | [060/105] D.9 | LISTA
2026-09-18 00:57:41,034 | INFO | [061/105] D.10 | LISTA
2026-09-18 00:57:41,035 | INFO | [062/105] D.11 | LISTA
2026-09-18 00:57:41,035 | INFO | [063/105] E.1 | LISTA
2026-09-18 00:57:41,035 | INFO | [064/105] E.2 | LISTA
2026-09-18 00:57:41,036 | INFO | [065/105] E.3 | LISTA
2026-09-18 00:57:41,036 | INFO | [066/105] E.4 | LISTA
2026-09-18 00:57:41,037 | INFO | [067/105] E.5 | LISTA
2026-09-18 00:57:41,037 | INFO | [068/105] E.6 | LISTA
2026-09-18 00:57:41,038 | INFO | [069/105] E.7 | LISTA
2026-09-18 00:57:41,038 | INFO | [070/105] E.8 | LISTA
2026-09-18 00:57:41,039 | INFO | [071/105] E.9 | LISTA
2026-09-18 00:57:41,039 | INFO | [072/105] F.1.1 | LISTA
2026-09-18 00:57:41,040 | INFO | [073/105] F.1.2 | LISTA
2026-09-18 00:57:41,040 | INFO | [074/105] F.1.3 | LISTA
2026-09-18 00:57:41,041 | INFO | [075/105] F.1.4 | LISTA
2026-09-18 00:57:41,041 | INFO | [076/105] F.2 | LISTA
2026-09-18 00:57:41,042 | INFO | [077/105] F.3 | LISTA
2026-09-18 00:57:41,043 | INFO | [078/105] F.4 | LISTA
2026-09-18 00:57:41,043 | INFO | [079/105] F.5 | LISTA
2026-09-18 00:57:41,044 | INFO | [080/105] F.6 | LISTA
2026-09-18 00:57:41,044 | INFO | [081/105] F.7 | LISTA
2026-09-18 00:57:41,045 | INFO | [082/105] F.8 | LISTA
2026-09-18 00:57:41,045 | INFO | [083/105] F.9 | LISTA
2026-09-18 00:57:41,046 | INFO | [084/105] F.10 | LISTA
2026-09-18 00:57:41,047 | INFO | [085/105] F.11 | LISTA
2026-09-18 00:57:41,047 | INFO | [086/105] F.12 | LISTA
2026-09-18 00:57:41,048 | INFO | [087/105] F.13 | LISTA
2026-09-18 00:57:41,048 | INFO | [088/105] F.14 | LISTA
2026-09-18 00:57:41,049 | INFO | [089/105] F.15 | LISTA
2026-09-18 00:57:41,049 | INFO | [090/105] F.16 | LISTA
2026-09-18 00:57:41,050 | INFO | [091/105] G.1 | LISTA
2026-09-18 00:57:41,051 | INFO | [092/105] H.1 | PENDIENTE_CODIGO
2026-09-18 00:57:41,051 | INFO | [093/105] H.2 | PENDIENTE_CODIGO
2026-09-18 00:57:41,052 | INFO | [094/105] H.3 | PENDIENTE_CODIGO
2026-09-18 00:57:41,052 | INFO | [095/105] H.4 | PENDIENTE_CODIGO
2026-09-18 00:57:41,053 | INFO | [096/105] H.5 | PENDIENTE_CODIGO
2026-09-18 00:57:41,054 | INFO | [097/105] H.6 | PENDIENTE_CODIGO
2026-09-18 00:57:41,055 | INFO | [098/105] H.7 | PENDIENTE_CODIGO
2026-09-18 00:57:41,055 | INFO | [099/105] H.8 | PENDIENTE_CODIGO
2026-09-18 00:57:41,056 | INFO | [100/105] H.9 | PENDIENTE_CODIGO
2026-09-18 00:57:41,057 | INFO | [101/105] H.10 | PENDIENTE_CODIGO
2026-09-18 00:57:41,057 | INFO | [102/105] H.11 | PENDIENTE_CODIGO
2026-09-18 00:57:41,058 | INFO | [103/105] H.12 | PENDIENTE_CODIGO
2026-09-18 00:57:41,059 | INFO | [104/105] H.13 | PENDIENTE_CODIGO
2026-09-18 00:57:41,060 | INFO | [105/105] H.14 | PENDIENTE_CODIGO
2026-09-18 00:57:41,061 | INFO | 
2026-09-18 00:57:41,061 | INFO | Reporte de corrida: /mnt/data/anuario_work/Anuario-Estadistico-2026-7/reportes/20260918T005741009640Z_simulacion
