2026-09-17 16:42:53,058 | INFO | INSUMOS DE DESCARGA MANUAL
2026-09-17 16:42:53,060 | INFO |   A.5 | 2 archivo(s) | C:\Users\gustavo.garcia\Documents\GitHub\Anuario-Estadistico-2026-7\data\manual\A.5
2026-09-17 16:42:53,060 | INFO |       Coloca aquí Datos_originales_y_actualizacion__1_.xlsx y 2026_2T_Flujos_TI_AC_3.xlsx. A.5 no descarga estos insumos.
2026-09-17 16:42:53,060 | INFO | 
2026-09-17 16:42:53,061 | INFO | Anuario Estadístico 2026 | corrida 20260917T224253050408Z_corrida
2026-09-17 16:42:53,061 | INFO | Figuras seleccionadas: 105 de 105
2026-09-17 16:42:53,061 | INFO | 
2026-09-17 16:42:53,061 | INFO | [001/105] A.1 | LISTA
2026-09-17 16:42:55,310 | INFO | [002/105] A.2 | LISTA
2026-09-17 16:45:32,573 | INFO | [003/105] A.3 | LISTA
2026-09-17 16:45:33,177 | INFO | [004/105] A.4 | LISTA
2026-09-17 16:45:34,807 | INFO | [005/105] A.5 | LISTA
2026-09-17 16:45:57,128 | INFO | [006/105] A.6 | LISTA
2026-09-17 16:45:58,811 | INFO | [007/105] A.7 | LISTA
2026-09-17 16:46:15,174 | INFO | [008/105] A.8 | LISTA
2026-09-17 16:46:31,056 | INFO | [009/105] A.9 | LISTA
2026-09-17 16:46:46,511 | INFO | [010/105] A.10 | LISTA
2026-09-17 16:47:02,003 | INFO | [011/105] B.1 | LISTA
2026-09-17 16:47:02,723 | INFO | [012/105] B.2 | LISTA
2026-09-17 16:47:03,560 | INFO | [013/105] B.3 | LISTA
2026-09-17 16:47:04,341 | INFO | [014/105] B.4 | LISTA
2026-09-17 16:47:06,267 | INFO | [015/105] B.5 | LISTA
2026-09-17 16:47:07,938 | INFO | [016/105] B.6 | LISTA
2026-09-17 16:47:09,513 | INFO | [017/105] B.7 | LISTA
2026-09-17 16:47:11,002 | INFO | [018/105] B.8 | LISTA
2026-09-17 16:47:12,524 | INFO | [019/105] B.9 | LISTA
2026-09-17 16:47:14,472 | INFO | [020/105] B.10 | LISTA
2026-09-17 16:47:15,922 | INFO | [021/105] B.11 | LISTA
2026-09-17 16:47:17,486 | INFO | [022/105] B.12 | LISTA
2026-09-17 16:47:19,113 | INFO | [023/105] B.13 | LISTA
2026-09-17 16:47:21,411 | INFO | [024/105] B.14 | LISTA
2026-09-17 16:47:23,516 | INFO | [025/105] B.15 | LISTA
2026-09-17 16:47:25,350 | INFO | [026/105] B.16 | LISTA
2026-09-17 16:47:27,781 | INFO | [027/105] B.17 | LISTA
2026-09-17 16:47:29,803 | INFO | [028/105] B.18 | LISTA
2026-09-17 16:47:31,244 | INFO | [029/105] B.19 | LISTA
2026-09-17 16:47:33,255 | INFO | [030/105] B.20 | LISTA
2026-09-17 16:47:34,981 | INFO | [031/105] B.21 | LISTA
2026-09-17 16:47:38,159 | INFO | [032/105] B.22 | LISTA
2026-09-17 16:48:20,098 | INFO | [033/105] B.23 | LISTA
2026-09-17 16:48:28,126 | INFO | [034/105] B.24 | LISTA
2026-09-17 16:48:30,342 | INFO | [035/105] B.25 | LISTA
2026-09-17 16:48:31,937 | INFO | [036/105] C.1 | LISTA
2026-09-17 16:48:32,352 | INFO | [037/105] C.2 | LISTA
2026-09-17 16:48:32,926 | INFO | [038/105] C.3 | LISTA
2026-09-17 16:48:33,573 | INFO | [039/105] C.4 | LISTA
2026-09-17 16:48:34,429 | INFO | [040/105] C.5 | LISTA
2026-09-17 16:48:36,221 | INFO | [041/105] C.6 | LISTA
2026-09-17 16:48:37,966 | INFO | [042/105] C.7 | LISTA
2026-09-17 16:48:39,575 | INFO | [043/105] C.8 | LISTA
2026-09-17 16:48:41,253 | INFO | [044/105] C.9 | LISTA
2026-09-17 16:48:43,106 | INFO | [045/105] C.10 | LISTA
2026-09-17 16:48:44,624 | INFO | [046/105] C.11 | LISTA
2026-09-17 16:48:46,297 | INFO | [047/105] C.12 | LISTA
2026-09-17 16:48:47,912 | INFO | [048/105] C.13 | LISTA
2026-09-17 16:48:49,540 | INFO | [049/105] C.14 | LISTA
2026-09-17 16:48:51,325 | INFO | [050/105] C.15 | LISTA
2026-09-17 16:48:53,323 | INFO | [051/105] C.16 | LISTA
2026-09-17 16:48:54,791 | INFO | [052/105] D.1 | LISTA
2026-09-17 16:48:56,490 | INFO | [053/105] D.2 | LISTA
2026-09-17 16:48:57,648 | INFO | [054/105] D.3 | LISTA
2026-09-17 16:48:58,483 | INFO | [055/105] D.4 | LISTA
2026-09-17 16:48:59,505 | INFO | [056/105] D.5 | LISTA
2026-09-17 16:48:59,975 | INFO | [057/105] D.6 | LISTA
2026-09-17 16:49:00,480 | INFO | [058/105] D.7 | LISTA
2026-09-17 16:49:01,112 | INFO | [059/105] D.8 | LISTA
2026-09-17 16:49:01,576 | INFO | [060/105] D.9 | LISTA
2026-09-17 16:49:02,207 | INFO | [061/105] D.10 | LISTA
2026-09-17 16:49:02,843 | INFO | [062/105] D.11 | LISTA
2026-09-17 16:49:03,367 | INFO | [063/105] E.1 | LISTA
2026-09-17 16:50:17,704 | INFO | [064/105] E.2 | LISTA
2026-09-17 16:50:18,356 | INFO | [065/105] E.3 | LISTA
2026-09-17 16:50:33,491 | INFO | [066/105] E.4 | LISTA
2026-09-17 16:50:45,782 | INFO | [067/105] E.5 | LISTA
2026-09-17 16:50:58,621 | INFO | [068/105] E.6 | LISTA
2026-09-17 16:51:05,339 | INFO | [069/105] E.7 | LISTA
2026-09-17 16:51:17,985 | INFO | [070/105] E.8 | LISTA
2026-09-17 16:51:30,001 | INFO | [071/105] E.9 | LISTA
2026-09-17 16:51:31,472 | INFO | [072/105] F.1.1 | LISTA
2026-09-17 16:51:32,439 | INFO | [073/105] F.1.2 | LISTA
2026-09-17 16:51:33,835 | INFO | [074/105] F.1.3 | LISTA
2026-09-17 16:51:35,250 | INFO | [075/105] F.1.4 | LISTA
2026-09-17 16:51:36,554 | INFO | [076/105] F.2 | LISTA
2026-09-17 16:51:48,917 | INFO | [077/105] F.3 | LISTA
2026-09-17 16:51:50,519 | INFO | [078/105] F.4 | LISTA
2026-09-17 16:51:52,341 | INFO | [079/105] F.5 | LISTA
2026-09-17 16:51:53,899 | INFO | [080/105] F.6 | LISTA
2026-09-17 16:51:55,579 | INFO | [081/105] F.7 | LISTA
2026-09-17 16:51:57,402 | INFO | [082/105] F.8 | LISTA
2026-09-17 16:51:58,976 | INFO | [083/105] F.9 | LISTA
2026-09-17 16:52:00,849 | INFO | [084/105] F.10 | LISTA
2026-09-17 16:52:17,766 | INFO | [085/105] F.11 | LISTA
2026-09-17 16:52:34,757 | INFO | [086/105] F.12 | LISTA
2026-09-17 16:52:40,985 | INFO | [087/105] F.13 | LISTA
2026-09-17 16:52:47,358 | INFO | [088/105] F.14 | LISTA
2026-09-17 16:52:47,833 | INFO | [089/105] F.15 | LISTA
2026-09-17 16:53:05,019 | INFO | [090/105] F.16 | LISTA
2026-09-17 16:53:21,775 | INFO | [091/105] G.1 | LISTA
2026-09-17 16:53:22,396 | INFO | [092/105] H.1 | PENDIENTE_CODIGO
2026-09-17 16:53:22,398 | INFO | [093/105] H.2 | PENDIENTE_CODIGO
2026-09-17 16:53:22,400 | INFO | [094/105] H.3 | PENDIENTE_CODIGO
2026-09-17 16:53:22,401 | INFO | [095/105] H.4 | PENDIENTE_CODIGO
2026-09-17 16:53:22,402 | INFO | [096/105] H.5 | PENDIENTE_CODIGO
2026-09-17 16:53:22,404 | INFO | [097/105] H.6 | PENDIENTE_CODIGO
2026-09-17 16:53:22,405 | INFO | [098/105] H.7 | PENDIENTE_CODIGO
2026-09-17 16:53:22,406 | INFO | [099/105] H.8 | PENDIENTE_CODIGO
2026-09-17 16:53:22,408 | INFO | [100/105] H.9 | PENDIENTE_CODIGO
2026-09-17 16:53:22,410 | INFO | [101/105] H.10 | PENDIENTE_CODIGO
2026-09-17 16:53:22,411 | INFO | [102/105] H.11 | PENDIENTE_CODIGO
2026-09-17 16:53:22,412 | INFO | [103/105] H.12 | PENDIENTE_CODIGO
2026-09-17 16:53:22,414 | INFO | [104/105] H.13 | PENDIENTE_CODIGO
2026-09-17 16:53:22,415 | INFO | [105/105] H.14 | PENDIENTE_CODIGO
2026-09-17 16:53:22,420 | INFO | 
2026-09-17 16:53:22,420 | INFO | Reporte de corrida: C:\Users\gustavo.garcia\Documents\GitHub\Anuario-Estadistico-2026-7\reportes\20260917T224253050408Z_corrida
2026-09-17 16:53:23,698 | INFO | PPTX ensamblado: C:\Users\gustavo.garcia\Documents\GitHub\Anuario-Estadistico-2026-7\entrega\anuario_estadistico_2026_20260917T224253050408Z_corrida.pptx
2026-09-17 16:53:23,698 | INFO | Figuras insertadas: 91 | faltantes: 14 | errores: 0
2026-09-17 16:53:23,698 | INFO | Marcadores conservados para figuras faltantes: H.1, H.2, H.3, H.4, H.5, H.6, H.7, H.8, H.9, H.10, H.11, H.12, H.13, H.14
2026-09-17 16:53:23,699 | INFO | Reporte de ensamblaje: C:\Users\gustavo.garcia\Documents\GitHub\Anuario-Estadistico-2026-7\entrega\anuario_estadistico_2026_20260917T224253050408Z_corrida_ensamblaje.json
