2026-09-18 16:41:47,569 | INFO | INSUMOS DE DESCARGA MANUAL
2026-09-18 16:41:47,571 | INFO |   A.5 | 2 archivo(s) | C:\Users\gustavo.garcia\Documents\GitHub\Anuario-Estadistico-2026-7\data\manual\A.5
2026-09-18 16:41:47,571 | INFO |       Coloca aquí Datos_originales_y_actualizacion__1_.xlsx y 2026_2T_Flujos_TI_AC_3.xlsx. A.5 no descarga estos insumos.
2026-09-18 16:41:47,571 | INFO | 
2026-09-18 16:41:47,572 | INFO | Anuario Estadístico 2026 | corrida 20260918T224147559523Z_corrida
2026-09-18 16:41:47,572 | INFO | Figuras seleccionadas: 105 de 105
2026-09-18 16:41:47,572 | INFO | 
2026-09-18 16:41:47,573 | INFO | [001/105] A.1 | LISTA
2026-09-18 16:41:49,741 | INFO | [002/105] A.2 | LISTA
2026-09-18 16:45:08,344 | INFO | [003/105] A.3 | LISTA
2026-09-18 16:45:08,989 | INFO | [004/105] A.4 | LISTA
2026-09-18 16:45:10,918 | INFO | [005/105] A.5 | LISTA
2026-09-18 16:45:44,985 | INFO | [006/105] A.6 | LISTA
2026-09-18 16:45:47,511 | INFO | [007/105] A.7 | LISTA
2026-09-18 16:46:11,430 | INFO | [008/105] A.8 | LISTA
2026-09-18 16:46:33,234 | INFO | [009/105] A.9 | LISTA
2026-09-18 16:46:56,106 | INFO | [010/105] A.10 | LISTA
2026-09-18 16:47:18,549 | INFO | [011/105] B.1 | LISTA
2026-09-18 16:47:19,644 | INFO | [012/105] B.2 | LISTA
2026-09-18 16:47:20,646 | INFO | [013/105] B.3 | LISTA
2026-09-18 16:47:21,781 | INFO | [014/105] B.4 | LISTA
2026-09-18 16:47:24,148 | INFO | [015/105] B.5 | LISTA
2026-09-18 16:47:26,240 | INFO | [016/105] B.6 | LISTA
2026-09-18 16:47:28,021 | INFO | [017/105] B.7 | LISTA
2026-09-18 16:47:29,944 | INFO | [018/105] B.8 | LISTA
2026-09-18 16:47:32,032 | INFO | [019/105] B.9 | LISTA
2026-09-18 16:47:34,417 | INFO | [020/105] B.10 | LISTA
2026-09-18 16:47:36,064 | INFO | [021/105] B.11 | LISTA
2026-09-18 16:47:37,798 | INFO | [022/105] B.12 | LISTA
2026-09-18 16:47:39,609 | INFO | [023/105] B.13 | LISTA
2026-09-18 16:47:42,806 | INFO | [024/105] B.14 | LISTA
2026-09-18 16:47:45,510 | INFO | [025/105] B.15 | LISTA
2026-09-18 16:47:47,822 | INFO | [026/105] B.16 | LISTA
2026-09-18 16:47:50,891 | INFO | [027/105] B.17 | LISTA
2026-09-18 16:47:53,307 | INFO | [028/105] B.18 | LISTA
2026-09-18 16:47:55,298 | INFO | [029/105] B.19 | LISTA
2026-09-18 16:47:57,507 | INFO | [030/105] B.20 | LISTA
2026-09-18 16:47:59,493 | INFO | [031/105] B.21 | LISTA
2026-09-18 16:48:03,325 | INFO | [032/105] B.22 | LISTA
2026-09-18 16:49:04,945 | INFO | [033/105] B.23 | LISTA
2026-09-18 16:49:17,654 | INFO | [034/105] B.24 | LISTA
2026-09-18 16:49:20,359 | INFO | [035/105] B.25 | LISTA
2026-09-18 16:49:22,375 | INFO | [036/105] C.1 | LISTA
2026-09-18 16:49:22,879 | INFO | [037/105] C.2 | LISTA
2026-09-18 16:49:23,756 | INFO | [038/105] C.3 | LISTA
2026-09-18 16:49:24,709 | INFO | [039/105] C.4 | LISTA
2026-09-18 16:49:25,877 | INFO | [040/105] C.5 | LISTA
2026-09-18 16:49:28,354 | INFO | [041/105] C.6 | LISTA
2026-09-18 16:49:30,673 | INFO | [042/105] C.7 | LISTA
2026-09-18 16:49:32,880 | INFO | [043/105] C.8 | LISTA
2026-09-18 16:49:35,094 | INFO | [044/105] C.9 | LISTA
2026-09-18 16:49:37,442 | INFO | [045/105] C.10 | LISTA
2026-09-18 16:49:39,542 | INFO | [046/105] C.11 | LISTA
2026-09-18 16:49:41,915 | INFO | [047/105] C.12 | LISTA
2026-09-18 16:49:44,155 | INFO | [048/105] C.13 | LISTA
2026-09-18 16:49:46,546 | INFO | [049/105] C.14 | LISTA
2026-09-18 16:49:49,103 | INFO | [050/105] C.15 | LISTA
2026-09-18 16:49:51,809 | INFO | [051/105] C.16 | LISTA
2026-09-18 16:49:53,812 | INFO | [052/105] D.1 | LISTA
2026-09-18 16:49:56,225 | INFO | [053/105] D.2 | LISTA
2026-09-18 16:49:57,961 | INFO | [054/105] D.3 | LISTA
2026-09-18 16:49:59,213 | INFO | [055/105] D.4 | LISTA
2026-09-18 16:50:00,688 | INFO | [056/105] D.5 | LISTA
2026-09-18 16:50:01,252 | INFO | [057/105] D.6 | LISTA
2026-09-18 16:50:01,989 | INFO | [058/105] D.7 | LISTA
2026-09-18 16:50:02,856 | INFO | [059/105] D.8 | LISTA
2026-09-18 16:50:03,354 | INFO | [060/105] D.9 | LISTA
2026-09-18 16:50:04,125 | INFO | [061/105] D.10 | LISTA
2026-09-18 16:50:05,067 | INFO | [062/105] D.11 | LISTA
2026-09-18 16:50:05,756 | INFO | [063/105] E.1 | LISTA
2026-09-18 16:51:50,703 | INFO | [064/105] E.2 | LISTA
2026-09-18 16:51:51,542 | INFO | [065/105] E.3 | LISTA
2026-09-18 16:52:12,625 | INFO | [066/105] E.4 | LISTA
2026-09-18 16:52:31,399 | INFO | [067/105] E.5 | LISTA
2026-09-18 16:52:50,872 | INFO | [068/105] E.6 | LISTA
2026-09-18 16:53:00,860 | INFO | [069/105] E.7 | LISTA
2026-09-18 16:53:22,167 | INFO | [070/105] E.8 | LISTA
2026-09-18 16:53:43,566 | INFO | [071/105] E.9 | LISTA
2026-09-18 16:53:46,071 | INFO | [072/105] F.1.1 | LISTA
2026-09-18 16:53:47,617 | INFO | [073/105] F.1.2 | LISTA
2026-09-18 16:53:50,107 | INFO | [074/105] F.1.3 | LISTA
2026-09-18 16:53:52,448 | INFO | [075/105] F.1.4 | LISTA
2026-09-18 16:53:54,527 | INFO | [076/105] F.2 | LISTA
2026-09-18 16:54:13,758 | INFO | [077/105] F.3 | LISTA
2026-09-18 16:54:16,358 | INFO | [078/105] F.4 | LISTA
2026-09-18 16:54:18,835 | INFO | [079/105] F.5 | LISTA
2026-09-18 16:54:20,953 | INFO | [080/105] F.6 | LISTA
2026-09-18 16:54:23,475 | INFO | [081/105] F.7 | LISTA
2026-09-18 16:54:25,931 | INFO | [082/105] F.8 | LISTA
2026-09-18 16:54:28,440 | INFO | [083/105] F.9 | LISTA
2026-09-18 16:54:31,270 | INFO | [084/105] F.10 | LISTA
2026-09-18 16:54:58,193 | INFO | [085/105] F.11 | LISTA
2026-09-18 16:55:23,965 | INFO | [086/105] F.12 | LISTA
2026-09-18 16:55:33,348 | INFO | [087/105] F.13 | LISTA
2026-09-18 16:55:42,627 | INFO | [088/105] F.14 | LISTA
2026-09-18 16:55:52,624 | INFO | [089/105] F.15 | LISTA
2026-09-18 16:56:18,339 | INFO | [090/105] F.16 | LISTA
2026-09-18 16:56:45,070 | INFO | [091/105] G.1 | LISTA
2026-09-18 16:56:46,042 | INFO | [092/105] H.1 | PENDIENTE_CODIGO
2026-09-18 16:56:46,043 | INFO | [093/105] H.2 | PENDIENTE_CODIGO
2026-09-18 16:56:46,046 | INFO | [094/105] H.3 | PENDIENTE_CODIGO
2026-09-18 16:56:46,048 | INFO | [095/105] H.4 | PENDIENTE_CODIGO
2026-09-18 16:56:46,050 | INFO | [096/105] H.5 | PENDIENTE_CODIGO
2026-09-18 16:56:46,052 | INFO | [097/105] H.6 | PENDIENTE_CODIGO
2026-09-18 16:56:46,053 | INFO | [098/105] H.7 | PENDIENTE_CODIGO
2026-09-18 16:56:46,055 | INFO | [099/105] H.8 | PENDIENTE_CODIGO
2026-09-18 16:56:46,056 | INFO | [100/105] H.9 | PENDIENTE_CODIGO
2026-09-18 16:56:46,059 | INFO | [101/105] H.10 | PENDIENTE_CODIGO
2026-09-18 16:56:46,062 | INFO | [102/105] H.11 | PENDIENTE_CODIGO
2026-09-18 16:56:46,064 | INFO | [103/105] H.12 | PENDIENTE_CODIGO
2026-09-18 16:56:46,065 | INFO | [104/105] H.13 | PENDIENTE_CODIGO
2026-09-18 16:56:46,067 | INFO | [105/105] H.14 | PENDIENTE_CODIGO
2026-09-18 16:56:46,076 | INFO | 
2026-09-18 16:56:46,076 | INFO | Reporte de corrida: C:\Users\gustavo.garcia\Documents\GitHub\Anuario-Estadistico-2026-7\reportes\20260918T224147559523Z_corrida
2026-09-18 16:56:48,089 | INFO | PPTX ensamblado: C:\Users\gustavo.garcia\Documents\GitHub\Anuario-Estadistico-2026-7\entrega\anuario_estadistico_2026_20260918T224147559523Z_corrida.pptx
2026-09-18 16:56:48,089 | INFO | Figuras insertadas: 91 | faltantes: 14 | errores: 0
2026-09-18 16:56:48,090 | INFO | Marcadores conservados para figuras faltantes: H.1, H.2, H.3, H.4, H.5, H.6, H.7, H.8, H.9, H.10, H.11, H.12, H.13, H.14
2026-09-18 16:56:48,090 | INFO | Reporte de ensamblaje: C:\Users\gustavo.garcia\Documents\GitHub\Anuario-Estadistico-2026-7\entrega\anuario_estadistico_2026_20260918T224147559523Z_corrida_ensamblaje.json
