2026-09-21 10:18:17,655 | INFO | INSUMOS DE DESCARGA MANUAL
2026-09-21 10:18:17,657 | INFO |   A.5 | 2 archivo(s) | C:\Users\gustavo.garcia\Documents\GitHub\Anuario-Estadistico-2026-7\data\manual\A.5
2026-09-21 10:18:17,657 | INFO |       Coloca aquí Datos_originales_y_actualizacion__1_.xlsx y 2026_2T_Flujos_TI_AC_3.xlsx. A.5 no descarga estos insumos.
2026-09-21 10:18:17,658 | INFO | 
2026-09-21 10:18:17,658 | INFO | Anuario Estadístico 2026 | corrida 20260921T161817643317Z_corrida
2026-09-21 10:18:17,658 | INFO | Figuras seleccionadas: 105 de 105
2026-09-21 10:18:17,658 | INFO | 
2026-09-21 10:18:17,658 | INFO | [001/105] A.1 | LISTA
2026-09-21 10:18:20,152 | INFO | [002/105] A.2 | LISTA
2026-09-21 10:21:43,727 | INFO | [003/105] A.3 | LISTA
2026-09-21 10:21:44,365 | INFO | [004/105] A.4 | LISTA
2026-09-21 10:21:46,327 | INFO | [005/105] A.5 | LISTA
2026-09-21 10:22:20,043 | INFO | [006/105] A.6 | LISTA
2026-09-21 10:22:21,963 | INFO | [007/105] A.7 | LISTA
2026-09-21 10:22:46,528 | INFO | [008/105] A.8 | LISTA
2026-09-21 10:23:09,908 | INFO | [009/105] A.9 | LISTA
2026-09-21 10:23:33,395 | INFO | [010/105] A.10 | LISTA
2026-09-21 10:23:56,058 | INFO | [011/105] B.1 | LISTA
2026-09-21 10:23:57,286 | INFO | [012/105] B.2 | LISTA
2026-09-21 10:23:58,455 | INFO | [013/105] B.3 | LISTA
2026-09-21 10:23:59,632 | INFO | [014/105] B.4 | LISTA
2026-09-21 10:24:01,773 | INFO | [015/105] B.5 | LISTA
2026-09-21 10:24:03,570 | INFO | [016/105] B.6 | LISTA
2026-09-21 10:24:05,314 | INFO | [017/105] B.7 | LISTA
2026-09-21 10:24:07,127 | INFO | [018/105] B.8 | LISTA
2026-09-21 10:24:08,799 | INFO | [019/105] B.9 | LISTA
2026-09-21 10:24:10,984 | INFO | [020/105] B.10 | LISTA
2026-09-21 10:24:12,597 | INFO | [021/105] B.11 | LISTA
2026-09-21 10:24:14,438 | INFO | [022/105] B.12 | LISTA
2026-09-21 10:24:16,201 | INFO | [023/105] B.13 | LISTA
2026-09-21 10:24:19,419 | INFO | [024/105] B.14 | LISTA
2026-09-21 10:24:21,831 | INFO | [025/105] B.15 | LISTA
2026-09-21 10:24:24,068 | INFO | [026/105] B.16 | LISTA
2026-09-21 10:24:27,262 | INFO | [027/105] B.17 | LISTA
2026-09-21 10:24:29,559 | INFO | [028/105] B.18 | LISTA
2026-09-21 10:24:31,152 | INFO | [029/105] B.19 | LISTA
2026-09-21 10:24:33,277 | INFO | [030/105] B.20 | LISTA
2026-09-21 10:24:35,077 | INFO | [031/105] B.21 | LISTA
2026-09-21 10:24:39,232 | INFO | [032/105] B.22 | LISTA
2026-09-21 10:25:42,933 | INFO | [033/105] B.23 | LISTA
2026-09-21 10:25:54,453 | INFO | [034/105] B.24 | LISTA
2026-09-21 10:25:56,851 | INFO | [035/105] B.25 | LISTA
2026-09-21 10:25:58,422 | INFO | [036/105] C.1 | LISTA
2026-09-21 10:25:58,879 | INFO | [037/105] C.2 | LISTA
2026-09-21 10:25:59,682 | INFO | [038/105] C.3 | LISTA
2026-09-21 10:26:00,529 | INFO | [039/105] C.4 | LISTA
2026-09-21 10:26:01,583 | INFO | [040/105] C.5 | LISTA
2026-09-21 10:26:03,605 | INFO | [041/105] C.6 | LISTA
2026-09-21 10:26:05,442 | INFO | [042/105] C.7 | LISTA
2026-09-21 10:26:07,197 | INFO | [043/105] C.8 | LISTA
2026-09-21 10:26:09,128 | INFO | [044/105] C.9 | LISTA
2026-09-21 10:26:11,053 | INFO | [045/105] C.10 | LISTA
2026-09-21 10:26:12,611 | INFO | [046/105] C.11 | LISTA
2026-09-21 10:26:14,415 | INFO | [047/105] C.12 | LISTA
2026-09-21 10:26:16,124 | INFO | [048/105] C.13 | LISTA
2026-09-21 10:26:18,060 | INFO | [049/105] C.14 | LISTA
2026-09-21 10:26:19,931 | INFO | [050/105] C.15 | LISTA
2026-09-21 10:26:22,082 | INFO | [051/105] C.16 | LISTA
2026-09-21 10:26:23,610 | INFO | [052/105] D.1 | LISTA
2026-09-21 10:26:25,621 | INFO | [053/105] D.2 | LISTA
2026-09-21 10:26:27,071 | INFO | [054/105] D.3 | LISTA
2026-09-21 10:26:28,015 | INFO | [055/105] D.4 | LISTA
2026-09-21 10:26:29,159 | INFO | [056/105] D.5 | LISTA
2026-09-21 10:26:29,762 | INFO | [057/105] D.6 | LISTA
2026-09-21 10:26:30,396 | INFO | [058/105] D.7 | LISTA
2026-09-21 10:26:31,110 | INFO | [059/105] D.8 | LISTA
2026-09-21 10:26:31,625 | INFO | [060/105] D.9 | LISTA
2026-09-21 10:26:32,392 | INFO | [061/105] D.10 | LISTA
2026-09-21 10:26:33,199 | INFO | [062/105] D.11 | LISTA
2026-09-21 10:26:33,847 | INFO | [063/105] E.1 | LISTA
2026-09-21 10:28:19,111 | INFO | [064/105] E.2 | LISTA
2026-09-21 10:28:19,995 | INFO | [065/105] E.3 | LISTA
2026-09-21 10:28:41,057 | INFO | [066/105] E.4 | LISTA
2026-09-21 10:28:58,627 | INFO | [067/105] E.5 | LISTA
2026-09-21 10:29:18,357 | INFO | [068/105] E.6 | LISTA
2026-09-21 10:29:27,748 | INFO | [069/105] E.7 | LISTA
2026-09-21 10:29:46,027 | INFO | [070/105] E.8 | LISTA
2026-09-21 10:30:03,391 | INFO | [071/105] E.9 | LISTA
2026-09-21 10:30:05,213 | INFO | [072/105] F.1.1 | LISTA
2026-09-21 10:30:06,421 | INFO | [073/105] F.1.2 | LISTA
2026-09-21 10:30:08,339 | INFO | [074/105] F.1.3 | LISTA
2026-09-21 10:30:10,103 | INFO | [075/105] F.1.4 | LISTA
2026-09-21 10:30:11,871 | INFO | [076/105] F.2 | LISTA
2026-09-21 10:30:28,893 | INFO | [077/105] F.3 | LISTA
2026-09-21 10:30:31,062 | INFO | [078/105] F.4 | LISTA
2026-09-21 10:30:33,372 | INFO | [079/105] F.5 | LISTA
2026-09-21 10:30:35,505 | INFO | [080/105] F.6 | LISTA
2026-09-21 10:30:37,608 | INFO | [081/105] F.7 | LISTA
2026-09-21 10:30:40,072 | INFO | [082/105] F.8 | LISTA
2026-09-21 10:30:42,241 | INFO | [083/105] F.9 | LISTA
2026-09-21 10:30:44,569 | INFO | [084/105] F.10 | LISTA
2026-09-21 10:31:11,375 | INFO | [085/105] F.11 | LISTA
2026-09-21 10:31:36,635 | INFO | [086/105] F.12 | LISTA
2026-09-21 10:31:45,636 | INFO | [087/105] F.13 | LISTA
2026-09-21 10:31:54,809 | INFO | [088/105] F.14 | LISTA
2026-09-21 10:32:05,547 | INFO | [089/105] F.15 | LISTA
2026-09-21 10:32:31,841 | INFO | [090/105] F.16 | LISTA
2026-09-21 10:32:59,364 | INFO | [091/105] G.1 | LISTA
2026-09-21 10:33:00,348 | INFO | [092/105] H.1 | PENDIENTE_CODIGO
2026-09-21 10:33:00,351 | INFO | [093/105] H.2 | PENDIENTE_CODIGO
2026-09-21 10:33:00,352 | INFO | [094/105] H.3 | PENDIENTE_CODIGO
2026-09-21 10:33:00,354 | INFO | [095/105] H.4 | PENDIENTE_CODIGO
2026-09-21 10:33:00,355 | INFO | [096/105] H.5 | PENDIENTE_CODIGO
2026-09-21 10:33:00,356 | INFO | [097/105] H.6 | PENDIENTE_CODIGO
2026-09-21 10:33:00,360 | INFO | [098/105] H.7 | PENDIENTE_CODIGO
2026-09-21 10:33:00,363 | INFO | [099/105] H.8 | PENDIENTE_CODIGO
2026-09-21 10:33:00,365 | INFO | [100/105] H.9 | PENDIENTE_CODIGO
2026-09-21 10:33:00,367 | INFO | [101/105] H.10 | PENDIENTE_CODIGO
2026-09-21 10:33:00,369 | INFO | [102/105] H.11 | PENDIENTE_CODIGO
2026-09-21 10:33:00,370 | INFO | [103/105] H.12 | PENDIENTE_CODIGO
2026-09-21 10:33:00,372 | INFO | [104/105] H.13 | PENDIENTE_CODIGO
2026-09-21 10:33:00,375 | INFO | [105/105] H.14 | PENDIENTE_CODIGO
2026-09-21 10:33:00,382 | INFO | 
2026-09-21 10:33:00,383 | INFO | Reporte de corrida: C:\Users\gustavo.garcia\Documents\GitHub\Anuario-Estadistico-2026-7\reportes\20260921T161817643317Z_corrida
2026-09-21 10:33:02,293 | INFO | PPTX ensamblado: C:\Users\gustavo.garcia\Documents\GitHub\Anuario-Estadistico-2026-7\entrega\anuario_estadistico_2026_20260921T161817643317Z_corrida.pptx
2026-09-21 10:33:02,293 | INFO | Figuras insertadas: 91 | faltantes: 14 | errores: 0
2026-09-21 10:33:02,293 | INFO | Marcadores conservados para figuras faltantes: H.1, H.2, H.3, H.4, H.5, H.6, H.7, H.8, H.9, H.10, H.11, H.12, H.13, H.14
2026-09-21 10:33:02,294 | INFO | Reporte de ensamblaje: C:\Users\gustavo.garcia\Documents\GitHub\Anuario-Estadistico-2026-7\entrega\anuario_estadistico_2026_20260921T161817643317Z_corrida_ensamblaje.json
