2026-09-17 12:07:23,621 | INFO | INSUMOS DE DESCARGA MANUAL
2026-09-17 12:07:23,622 | INFO |   A.5 | 2 archivo(s) | C:\Users\gustavo.garcia\Documents\GitHub\Anuario-Estadistico-2024-1\Anuario-Estadistico-2026-7\data\manual\A.5
2026-09-17 12:07:23,623 | INFO |       Coloca aquí Datos_originales_y_actualizacion__1_.xlsx y 2026_2T_Flujos_TI_AC_3.xlsx. A.5 no descarga estos insumos.
2026-09-17 12:07:23,623 | INFO | 
2026-09-17 12:07:23,623 | INFO | Anuario Estadístico 2026 | corrida 20260917T180723614619Z_corrida
2026-09-17 12:07:23,623 | INFO | Figuras seleccionadas: 105 de 105
2026-09-17 12:07:23,623 | INFO | 
2026-09-17 12:07:23,623 | INFO | [001/105] A.1 | LISTA
2026-09-17 12:07:29,283 | INFO | [002/105] A.2 | LISTA
2026-09-17 12:10:17,846 | INFO | [003/105] A.3 | LISTA
2026-09-17 12:10:18,394 | INFO | [004/105] A.4 | LISTA
2026-09-17 12:10:19,947 | INFO | [005/105] A.5 | LISTA
2026-09-17 12:10:35,337 | INFO | [006/105] A.6 | LISTA
2026-09-17 12:10:36,898 | INFO | [007/105] A.7 | LISTA
2026-09-17 12:10:52,228 | INFO | [008/105] A.8 | LISTA
2026-09-17 12:11:07,137 | INFO | [009/105] A.9 | LISTA
2026-09-17 12:11:22,059 | INFO | [010/105] A.10 | LISTA
2026-09-17 12:11:37,600 | INFO | [011/105] B.1 | LISTA
2026-09-17 12:11:38,509 | INFO | [012/105] B.2 | LISTA
2026-09-17 12:11:39,235 | INFO | [013/105] B.3 | LISTA
2026-09-17 12:11:40,106 | INFO | [014/105] B.4 | LISTA
2026-09-17 12:11:42,228 | INFO | [015/105] B.5 | LISTA
2026-09-17 12:11:43,798 | INFO | [016/105] B.6 | LISTA
2026-09-17 12:11:45,361 | INFO | [017/105] B.7 | LISTA
2026-09-17 12:11:47,018 | INFO | [018/105] B.8 | LISTA
2026-09-17 12:11:48,740 | INFO | [019/105] B.9 | LISTA
2026-09-17 12:11:50,770 | INFO | [020/105] B.10 | LISTA
2026-09-17 12:11:52,285 | INFO | [021/105] B.11 | LISTA
2026-09-17 12:11:53,930 | INFO | [022/105] B.12 | LISTA
2026-09-17 12:11:55,438 | INFO | [023/105] B.13 | LISTA
2026-09-17 12:11:57,769 | INFO | [024/105] B.14 | LISTA
2026-09-17 12:12:00,007 | INFO | [025/105] B.15 | LISTA
2026-09-17 12:12:01,795 | INFO | [026/105] B.16 | LISTA
2026-09-17 12:12:04,159 | INFO | [027/105] B.17 | LISTA
2026-09-17 12:12:05,892 | INFO | [028/105] B.18 | LISTA
2026-09-17 12:12:07,357 | INFO | [029/105] B.19 | LISTA
2026-09-17 12:12:09,338 | INFO | [030/105] B.20 | LISTA
2026-09-17 12:12:11,106 | INFO | [031/105] B.21 | LISTA
2026-09-17 12:12:14,284 | INFO | [032/105] B.22 | LISTA
2026-09-17 12:12:59,559 | INFO | [033/105] B.23 | LISTA
2026-09-17 12:13:06,033 | INFO | [034/105] B.24 | LISTA
2026-09-17 12:13:07,992 | INFO | [035/105] B.25 | LISTA
2026-09-17 12:13:09,505 | INFO | [036/105] C.1 | LISTA
2026-09-17 12:13:09,875 | INFO | [037/105] C.2 | LISTA
2026-09-17 12:13:10,519 | INFO | [038/105] C.3 | LISTA
2026-09-17 12:13:11,173 | INFO | [039/105] C.4 | LISTA
2026-09-17 12:13:11,886 | INFO | [040/105] C.5 | LISTA
2026-09-17 12:13:13,693 | INFO | [041/105] C.6 | LISTA
2026-09-17 12:13:15,346 | INFO | [042/105] C.7 | LISTA
2026-09-17 12:13:17,002 | INFO | [043/105] C.8 | LISTA
2026-09-17 12:13:18,700 | INFO | [044/105] C.9 | LISTA
2026-09-17 12:13:20,553 | INFO | [045/105] C.10 | LISTA
2026-09-17 12:13:22,073 | INFO | [046/105] C.11 | LISTA
2026-09-17 12:13:23,830 | INFO | [047/105] C.12 | LISTA
2026-09-17 12:13:25,564 | INFO | [048/105] C.13 | LISTA
2026-09-17 12:13:27,423 | INFO | [049/105] C.14 | LISTA
2026-09-17 12:13:29,207 | INFO | [050/105] C.15 | LISTA
2026-09-17 12:13:31,091 | INFO | [051/105] C.16 | LISTA
2026-09-17 12:13:32,658 | INFO | [052/105] D.1 | LISTA
2026-09-17 12:13:34,336 | INFO | [053/105] D.2 | LISTA
2026-09-17 12:13:35,661 | INFO | [054/105] D.3 | LISTA
2026-09-17 12:13:36,521 | INFO | [055/105] D.4 | LISTA
2026-09-17 12:13:37,397 | INFO | [056/105] D.5 | LISTA
2026-09-17 12:13:37,982 | INFO | [057/105] D.6 | LISTA
2026-09-17 12:13:38,534 | INFO | [058/105] D.7 | LISTA
2026-09-17 12:13:39,158 | INFO | [059/105] D.8 | LISTA
2026-09-17 12:13:39,610 | INFO | [060/105] D.9 | LISTA
2026-09-17 12:13:40,263 | INFO | [061/105] D.10 | LISTA
2026-09-17 12:13:40,943 | INFO | [062/105] D.11 | LISTA
2026-09-17 12:13:41,481 | INFO | [063/105] E.1 | LISTA
2026-09-17 12:14:33,909 | INFO | [064/105] E.2 | LISTA
2026-09-17 12:14:34,555 | INFO | [065/105] E.3 | LISTA
2026-09-17 12:14:45,186 | INFO | [066/105] E.4 | LISTA
2026-09-17 12:14:53,910 | INFO | [067/105] E.5 | LISTA
2026-09-17 12:15:02,909 | INFO | [068/105] E.6 | LISTA
2026-09-17 12:15:07,833 | INFO | [069/105] E.7 | LISTA
2026-09-17 12:15:17,761 | INFO | [070/105] E.8 | LISTA
2026-09-17 12:15:26,814 | INFO | [071/105] E.9 | LISTA
2026-09-17 12:15:27,998 | INFO | [072/105] F.1.1 | LISTA
2026-09-17 12:15:29,009 | INFO | [073/105] F.1.2 | LISTA
2026-09-17 12:15:30,645 | INFO | [074/105] F.1.3 | LISTA
2026-09-17 12:15:32,200 | INFO | [075/105] F.1.4 | LISTA
2026-09-17 12:15:33,817 | INFO | [076/105] F.2 | LISTA
2026-09-17 12:15:47,474 | INFO | [077/105] F.3 | LISTA
2026-09-17 12:15:49,320 | INFO | [078/105] F.4 | LISTA
2026-09-17 12:15:51,398 | INFO | [079/105] F.5 | LISTA
2026-09-17 12:15:53,110 | INFO | [080/105] F.6 | LISTA
2026-09-17 12:15:54,883 | INFO | [081/105] F.7 | LISTA
2026-09-17 12:15:56,809 | INFO | [082/105] F.8 | LISTA
2026-09-17 12:15:58,556 | INFO | [083/105] F.9 | LISTA
2026-09-17 12:16:00,560 | INFO | [084/105] F.10 | LISTA
2026-09-17 12:16:13,070 | INFO | [085/105] F.11 | LISTA
2026-09-17 12:16:25,234 | INFO | [086/105] F.12 | LISTA
2026-09-17 12:16:29,808 | INFO | [087/105] F.13 | LISTA
2026-09-17 12:16:34,915 | INFO | [088/105] F.14 | LISTA
2026-09-17 12:16:35,372 | INFO | [089/105] F.15 | LISTA
2026-09-17 12:16:48,466 | INFO | [090/105] F.16 | LISTA
2026-09-17 12:17:00,417 | INFO | [091/105] G.1 | LISTA
2026-09-17 12:17:00,936 | INFO | [092/105] H.1 | PENDIENTE_CODIGO
2026-09-17 12:17:00,937 | INFO | [093/105] H.2 | PENDIENTE_CODIGO
2026-09-17 12:17:00,939 | INFO | [094/105] H.3 | PENDIENTE_CODIGO
2026-09-17 12:17:00,940 | INFO | [095/105] H.4 | PENDIENTE_CODIGO
2026-09-17 12:17:00,942 | INFO | [096/105] H.5 | PENDIENTE_CODIGO
2026-09-17 12:17:00,945 | INFO | [097/105] H.6 | PENDIENTE_CODIGO
2026-09-17 12:17:00,946 | INFO | [098/105] H.7 | PENDIENTE_CODIGO
2026-09-17 12:17:00,947 | INFO | [099/105] H.8 | PENDIENTE_CODIGO
2026-09-17 12:17:00,949 | INFO | [100/105] H.9 | PENDIENTE_CODIGO
2026-09-17 12:17:00,951 | INFO | [101/105] H.10 | PENDIENTE_CODIGO
2026-09-17 12:17:00,952 | INFO | [102/105] H.11 | PENDIENTE_CODIGO
2026-09-17 12:17:00,954 | INFO | [103/105] H.12 | PENDIENTE_CODIGO
2026-09-17 12:17:00,956 | INFO | [104/105] H.13 | PENDIENTE_CODIGO
2026-09-17 12:17:00,957 | INFO | [105/105] H.14 | PENDIENTE_CODIGO
2026-09-17 12:17:00,960 | INFO | 
2026-09-17 12:17:00,960 | INFO | Reporte de corrida: C:\Users\gustavo.garcia\Documents\GitHub\Anuario-Estadistico-2024-1\Anuario-Estadistico-2026-7\reportes\20260917T180723614619Z_corrida
2026-09-17 12:17:02,432 | INFO | PPTX ensamblado: C:\Users\gustavo.garcia\Documents\GitHub\Anuario-Estadistico-2024-1\Anuario-Estadistico-2026-7\entrega\anuario_estadistico_2026_20260917T180723614619Z_corrida.pptx
2026-09-17 12:17:02,432 | INFO | Figuras insertadas: 91 | faltantes: 14 | errores: 0
2026-09-17 12:17:02,432 | INFO | Marcadores conservados para figuras faltantes: H.1, H.2, H.3, H.4, H.5, H.6, H.7, H.8, H.9, H.10, H.11, H.12, H.13, H.14
2026-09-17 12:17:02,432 | INFO | Reporte de ensamblaje: C:\Users\gustavo.garcia\Documents\GitHub\Anuario-Estadistico-2024-1\Anuario-Estadistico-2026-7\entrega\anuario_estadistico_2026_20260917T180723614619Z_corrida_ensamblaje.json
