2026-09-18 12:46:53,487 | INFO | INSUMOS DE DESCARGA MANUAL
2026-09-18 12:46:53,489 | INFO |   A.5 | 2 archivo(s) | C:\Users\gustavo.garcia\Documents\GitHub\Anuario-Estadistico-2026-7\data\manual\A.5
2026-09-18 12:46:53,489 | INFO |       Coloca aquí Datos_originales_y_actualizacion__1_.xlsx y 2026_2T_Flujos_TI_AC_3.xlsx. A.5 no descarga estos insumos.
2026-09-18 12:46:53,489 | INFO | 
2026-09-18 12:46:53,489 | INFO | Anuario Estadístico 2026 | corrida 20260918T184653468184Z_corrida
2026-09-18 12:46:53,490 | INFO | Figuras seleccionadas: 105 de 105
2026-09-18 12:46:53,490 | INFO | 
2026-09-18 12:46:53,490 | INFO | [001/105] A.1 | LISTA
2026-09-18 12:46:57,776 | INFO | [002/105] A.2 | LISTA
2026-09-18 12:50:30,390 | INFO | [003/105] A.3 | LISTA
2026-09-18 12:50:31,205 | INFO | [004/105] A.4 | LISTA
2026-09-18 12:50:33,484 | INFO | [005/105] A.5 | LISTA
2026-09-18 12:51:05,948 | INFO | [006/105] A.6 | LISTA
2026-09-18 12:51:08,279 | INFO | [007/105] A.7 | LISTA
2026-09-18 12:51:31,426 | INFO | [008/105] A.8 | LISTA
2026-09-18 12:51:53,325 | INFO | [009/105] A.9 | LISTA
2026-09-18 12:52:15,128 | INFO | [010/105] A.10 | LISTA
2026-09-18 12:52:37,888 | INFO | [011/105] B.1 | LISTA
2026-09-18 12:52:39,369 | INFO | [012/105] B.2 | LISTA
2026-09-18 12:52:40,631 | INFO | [013/105] B.3 | LISTA
2026-09-18 12:52:41,994 | INFO | [014/105] B.4 | LISTA
2026-09-18 12:52:45,038 | INFO | [015/105] B.5 | LISTA
2026-09-18 12:52:47,433 | INFO | [016/105] B.6 | LISTA
2026-09-18 12:52:49,435 | INFO | [017/105] B.7 | LISTA
2026-09-18 12:52:51,616 | INFO | [018/105] B.8 | LISTA
2026-09-18 12:52:53,712 | INFO | [019/105] B.9 | LISTA
2026-09-18 12:52:56,099 | INFO | [020/105] B.10 | LISTA
2026-09-18 12:52:57,609 | INFO | [021/105] B.11 | LISTA
2026-09-18 12:52:59,099 | INFO | [022/105] B.12 | LISTA
2026-09-18 12:53:00,497 | INFO | [023/105] B.13 | LISTA
2026-09-18 12:53:02,641 | INFO | [024/105] B.14 | LISTA
2026-09-18 12:53:04,462 | INFO | [025/105] B.15 | LISTA
2026-09-18 12:53:06,147 | INFO | [026/105] B.16 | LISTA
2026-09-18 12:53:08,252 | INFO | [027/105] B.17 | LISTA
2026-09-18 12:53:09,987 | INFO | [028/105] B.18 | LISTA
2026-09-18 12:53:11,384 | INFO | [029/105] B.19 | LISTA
2026-09-18 12:53:13,113 | INFO | [030/105] B.20 | LISTA
2026-09-18 12:53:14,567 | INFO | [031/105] B.21 | LISTA
2026-09-18 12:53:17,393 | INFO | [032/105] B.22 | LISTA
2026-09-18 12:53:58,108 | INFO | [033/105] B.23 | LISTA
2026-09-18 12:54:05,961 | INFO | [034/105] B.24 | LISTA
2026-09-18 12:54:08,314 | INFO | [035/105] B.25 | LISTA
2026-09-18 12:54:09,786 | INFO | [036/105] C.1 | LISTA
2026-09-18 12:54:10,166 | INFO | [037/105] C.2 | LISTA
2026-09-18 12:54:10,701 | INFO | [038/105] C.3 | LISTA
2026-09-18 12:54:11,327 | INFO | [039/105] C.4 | LISTA
2026-09-18 12:54:12,083 | INFO | [040/105] C.5 | LISTA
2026-09-18 12:54:13,893 | INFO | [041/105] C.6 | LISTA
2026-09-18 12:54:15,512 | INFO | [042/105] C.7 | LISTA
2026-09-18 12:54:17,107 | INFO | [043/105] C.8 | LISTA
2026-09-18 12:54:18,649 | INFO | [044/105] C.9 | LISTA
2026-09-18 12:54:20,272 | INFO | [045/105] C.10 | LISTA
2026-09-18 12:54:21,600 | INFO | [046/105] C.11 | LISTA
2026-09-18 12:54:23,132 | INFO | [047/105] C.12 | LISTA
2026-09-18 12:54:24,648 | INFO | [048/105] C.13 | LISTA
2026-09-18 12:54:26,168 | INFO | [049/105] C.14 | LISTA
2026-09-18 12:54:27,808 | INFO | [050/105] C.15 | LISTA
2026-09-18 12:54:29,612 | INFO | [051/105] C.16 | LISTA
2026-09-18 12:54:31,019 | INFO | [052/105] D.1 | LISTA
2026-09-18 12:54:32,773 | INFO | [053/105] D.2 | LISTA
2026-09-18 12:54:33,986 | INFO | [054/105] D.3 | LISTA
2026-09-18 12:54:34,749 | INFO | [055/105] D.4 | LISTA
2026-09-18 12:54:35,671 | INFO | [056/105] D.5 | LISTA
2026-09-18 12:54:36,080 | INFO | [057/105] D.6 | LISTA
2026-09-18 12:54:36,531 | INFO | [058/105] D.7 | LISTA
2026-09-18 12:54:37,092 | INFO | [059/105] D.8 | LISTA
2026-09-18 12:54:37,485 | INFO | [060/105] D.9 | LISTA
2026-09-18 12:54:38,050 | INFO | [061/105] D.10 | LISTA
2026-09-18 12:54:38,639 | INFO | [062/105] D.11 | LISTA
2026-09-18 12:54:39,163 | INFO | [063/105] E.1 | LISTA
2026-09-18 12:55:50,695 | INFO | [064/105] E.2 | LISTA
2026-09-18 12:55:51,297 | INFO | [065/105] E.3 | LISTA
2026-09-18 12:56:06,074 | INFO | [066/105] E.4 | LISTA
2026-09-18 12:56:17,855 | INFO | [067/105] E.5 | LISTA
2026-09-18 12:56:30,079 | INFO | [068/105] E.6 | LISTA
2026-09-18 12:56:36,319 | INFO | [069/105] E.7 | LISTA
2026-09-18 12:56:48,610 | INFO | [070/105] E.8 | LISTA
2026-09-18 12:57:00,086 | INFO | [071/105] E.9 | LISTA
2026-09-18 12:57:01,436 | INFO | [072/105] F.1.1 | LISTA
2026-09-18 12:57:02,298 | INFO | [073/105] F.1.2 | LISTA
2026-09-18 12:57:03,638 | INFO | [074/105] F.1.3 | LISTA
2026-09-18 12:57:04,880 | INFO | [075/105] F.1.4 | LISTA
2026-09-18 12:57:06,133 | INFO | [076/105] F.2 | LISTA
2026-09-18 12:57:17,642 | INFO | [077/105] F.3 | LISTA
2026-09-18 12:57:19,334 | INFO | [078/105] F.4 | LISTA
2026-09-18 12:57:20,973 | INFO | [079/105] F.5 | LISTA
2026-09-18 12:57:22,409 | INFO | [080/105] F.6 | LISTA
2026-09-18 12:57:24,036 | INFO | [081/105] F.7 | LISTA
2026-09-18 12:57:25,801 | INFO | [082/105] F.8 | LISTA
2026-09-18 12:57:27,354 | INFO | [083/105] F.9 | LISTA
2026-09-18 12:57:29,034 | INFO | [084/105] F.10 | LISTA
2026-09-18 12:57:45,827 | INFO | [085/105] F.11 | LISTA
2026-09-18 12:58:02,981 | INFO | [086/105] F.12 | LISTA
2026-09-18 12:58:08,927 | INFO | [087/105] F.13 | LISTA
2026-09-18 12:58:14,956 | INFO | [088/105] F.14 | LISTA
2026-09-18 12:58:20,837 | INFO | [089/105] F.15 | LISTA
2026-09-18 12:58:37,411 | INFO | [090/105] F.16 | LISTA
2026-09-18 12:58:54,276 | INFO | [091/105] G.1 | LISTA
2026-09-18 12:58:54,896 | INFO | [092/105] H.1 | PENDIENTE_CODIGO
2026-09-18 12:58:54,899 | INFO | [093/105] H.2 | PENDIENTE_CODIGO
2026-09-18 12:58:54,900 | INFO | [094/105] H.3 | PENDIENTE_CODIGO
2026-09-18 12:58:54,901 | INFO | [095/105] H.4 | PENDIENTE_CODIGO
2026-09-18 12:58:54,903 | INFO | [096/105] H.5 | PENDIENTE_CODIGO
2026-09-18 12:58:54,904 | INFO | [097/105] H.6 | PENDIENTE_CODIGO
2026-09-18 12:58:54,905 | INFO | [098/105] H.7 | PENDIENTE_CODIGO
2026-09-18 12:58:54,907 | INFO | [099/105] H.8 | PENDIENTE_CODIGO
2026-09-18 12:58:54,908 | INFO | [100/105] H.9 | PENDIENTE_CODIGO
2026-09-18 12:58:54,909 | INFO | [101/105] H.10 | PENDIENTE_CODIGO
2026-09-18 12:58:54,911 | INFO | [102/105] H.11 | PENDIENTE_CODIGO
2026-09-18 12:58:54,913 | INFO | [103/105] H.12 | PENDIENTE_CODIGO
2026-09-18 12:58:54,914 | INFO | [104/105] H.13 | PENDIENTE_CODIGO
2026-09-18 12:58:54,915 | INFO | [105/105] H.14 | PENDIENTE_CODIGO
2026-09-18 12:58:54,920 | INFO | 
2026-09-18 12:58:54,920 | INFO | Reporte de corrida: C:\Users\gustavo.garcia\Documents\GitHub\Anuario-Estadistico-2026-7\reportes\20260918T184653468184Z_corrida
2026-09-18 12:58:56,020 | INFO | PPTX ensamblado: C:\Users\gustavo.garcia\Documents\GitHub\Anuario-Estadistico-2026-7\entrega\anuario_estadistico_2026_20260918T184653468184Z_corrida.pptx
2026-09-18 12:58:56,020 | INFO | Figuras insertadas: 91 | faltantes: 14 | errores: 0
2026-09-18 12:58:56,020 | INFO | Marcadores conservados para figuras faltantes: H.1, H.2, H.3, H.4, H.5, H.6, H.7, H.8, H.9, H.10, H.11, H.12, H.13, H.14
2026-09-18 12:58:56,021 | INFO | Reporte de ensamblaje: C:\Users\gustavo.garcia\Documents\GitHub\Anuario-Estadistico-2026-7\entrega\anuario_estadistico_2026_20260918T184653468184Z_corrida_ensamblaje.json
