2026-09-22 11:39:25,467 | INFO | INSUMOS DE DESCARGA MANUAL
2026-09-22 11:39:25,468 | INFO |   A.5 | 2 archivo(s) | C:\Users\gustavo.garcia\Documents\GitHub\Anuario-Estadistico-2026-7\data\manual\A.5
2026-09-22 11:39:25,469 | INFO |       Coloca aquí Datos_originales_y_actualizacion__1_.xlsx y 2026_2T_Flujos_TI_AC_3.xlsx. A.5 no descarga estos insumos.
2026-09-22 11:39:25,469 | INFO | 
2026-09-22 11:39:25,469 | INFO | Anuario Estadístico 2026 | corrida 20260922T173925458200Z_corrida
2026-09-22 11:39:25,469 | INFO | Figuras seleccionadas: 105 de 105
2026-09-22 11:39:25,469 | INFO | 
2026-09-22 11:39:25,469 | INFO | [001/105] A.1 | LISTA
2026-09-22 11:39:28,388 | INFO | [002/105] A.2 | LISTA
2026-09-22 11:42:26,747 | INFO | [003/105] A.3 | LISTA
2026-09-22 11:42:27,640 | INFO | [004/105] A.4 | LISTA
2026-09-22 11:42:29,867 | INFO | [005/105] A.5 | LISTA
2026-09-22 11:42:51,163 | INFO | [006/105] A.6 | LISTA
2026-09-22 11:42:53,452 | INFO | [007/105] A.7 | LISTA
2026-09-22 11:43:12,509 | INFO | [008/105] A.8 | LISTA
2026-09-22 11:43:36,388 | INFO | [009/105] A.9 | LISTA
2026-09-22 11:43:59,785 | INFO | [010/105] A.10 | LISTA
2026-09-22 11:44:22,604 | INFO | [011/105] B.1 | LISTA
2026-09-22 11:44:24,177 | INFO | [012/105] B.2 | LISTA
2026-09-22 11:44:25,675 | INFO | [013/105] B.3 | LISTA
2026-09-22 11:44:27,216 | INFO | [014/105] B.4 | LISTA
2026-09-22 11:44:29,936 | INFO | [015/105] B.5 | LISTA
2026-09-22 11:44:32,308 | INFO | [016/105] B.6 | LISTA
2026-09-22 11:44:34,576 | INFO | [017/105] B.7 | LISTA
2026-09-22 11:44:36,806 | INFO | [018/105] B.8 | LISTA
2026-09-22 11:44:38,951 | INFO | [019/105] B.9 | LISTA
2026-09-22 11:44:41,661 | INFO | [020/105] B.10 | LISTA
2026-09-22 11:44:43,616 | INFO | [021/105] B.11 | LISTA
2026-09-22 11:44:45,719 | INFO | [022/105] B.12 | LISTA
2026-09-22 11:44:47,747 | INFO | [023/105] B.13 | LISTA
2026-09-22 11:44:50,982 | INFO | [024/105] B.14 | LISTA
2026-09-22 11:44:53,798 | INFO | [025/105] B.15 | LISTA
2026-09-22 11:44:56,675 | INFO | [026/105] B.16 | LISTA
2026-09-22 11:45:00,313 | INFO | [027/105] B.17 | LISTA
2026-09-22 11:45:03,308 | INFO | [028/105] B.18 | LISTA
2026-09-22 11:45:05,017 | INFO | [029/105] B.19 | LISTA
2026-09-22 11:45:07,161 | INFO | [030/105] B.20 | LISTA
2026-09-22 11:45:09,223 | INFO | [031/105] B.21 | LISTA
2026-09-22 11:45:12,902 | INFO | [032/105] B.22 | LISTA
2026-09-22 11:46:02,774 | INFO | [033/105] B.23 | LISTA
2026-09-22 11:46:11,319 | INFO | [034/105] B.24 | LISTA
2026-09-22 11:46:14,018 | INFO | [035/105] B.25 | LISTA
2026-09-22 11:46:15,829 | INFO | [036/105] C.1 | LISTA
2026-09-22 11:46:16,532 | INFO | [037/105] C.2 | LISTA
2026-09-22 11:46:17,671 | INFO | [038/105] C.3 | LISTA
2026-09-22 11:46:18,568 | INFO | [039/105] C.4 | LISTA
2026-09-22 11:46:19,771 | INFO | [040/105] C.5 | LISTA
2026-09-22 11:46:22,139 | INFO | [041/105] C.6 | LISTA
2026-09-22 11:46:24,075 | INFO | [042/105] C.7 | LISTA
2026-09-22 11:46:25,929 | INFO | [043/105] C.8 | LISTA
2026-09-22 11:46:27,903 | INFO | [044/105] C.9 | LISTA
2026-09-22 11:46:30,345 | INFO | [045/105] C.10 | LISTA
2026-09-22 11:46:32,322 | INFO | [046/105] C.11 | LISTA
2026-09-22 11:46:34,308 | INFO | [047/105] C.12 | LISTA
2026-09-22 11:46:36,137 | INFO | [048/105] C.13 | LISTA
2026-09-22 11:46:38,080 | INFO | [049/105] C.14 | LISTA
2026-09-22 11:46:40,130 | INFO | [050/105] C.15 | LISTA
2026-09-22 11:46:42,623 | INFO | [051/105] C.16 | LISTA
2026-09-22 11:46:44,376 | INFO | [052/105] D.1 | LISTA
2026-09-22 11:46:46,638 | INFO | [053/105] D.2 | LISTA
2026-09-22 11:46:48,172 | INFO | [054/105] D.3 | LISTA
2026-09-22 11:46:49,220 | INFO | [055/105] D.4 | LISTA
2026-09-22 11:46:50,513 | INFO | [056/105] D.5 | LISTA
2026-09-22 11:46:51,193 | INFO | [057/105] D.6 | LISTA
2026-09-22 11:46:51,923 | INFO | [058/105] D.7 | LISTA
2026-09-22 11:46:52,768 | INFO | [059/105] D.8 | LISTA
2026-09-22 11:46:53,372 | INFO | [060/105] D.9 | LISTA
2026-09-22 11:46:54,426 | INFO | [061/105] D.10 | LISTA
2026-09-22 11:46:55,447 | INFO | [062/105] D.11 | LISTA
2026-09-22 11:46:56,227 | INFO | [063/105] E.1 | LISTA
2026-09-22 11:48:10,939 | INFO | [064/105] E.2 | LISTA
2026-09-22 11:48:11,880 | INFO | [065/105] E.3 | LISTA
2026-09-22 11:48:30,486 | INFO | [066/105] E.4 | LISTA
2026-09-22 11:48:43,709 | INFO | [067/105] E.5 | LISTA
2026-09-22 11:49:02,681 | INFO | [068/105] E.6 | LISTA
2026-09-22 11:49:10,789 | INFO | [069/105] E.7 | LISTA
2026-09-22 11:49:23,721 | INFO | [070/105] E.8 | LISTA
2026-09-22 11:49:35,338 | INFO | [071/105] E.9 | LISTA
2026-09-22 11:49:37,137 | INFO | [072/105] F.1.1 | LISTA
2026-09-22 11:49:38,580 | INFO | [073/105] F.1.2 | LISTA
2026-09-22 11:49:40,790 | INFO | [074/105] F.1.3 | LISTA
2026-09-22 11:49:42,819 | INFO | [075/105] F.1.4 | LISTA
2026-09-22 11:49:44,672 | INFO | [076/105] F.2 | LISTA
2026-09-22 11:49:57,256 | INFO | [077/105] F.3 | LISTA
2026-09-22 11:49:59,357 | INFO | [078/105] F.4 | LISTA
2026-09-22 11:50:01,436 | INFO | [079/105] F.5 | LISTA
2026-09-22 11:50:03,027 | INFO | [080/105] F.6 | LISTA
2026-09-22 11:50:05,002 | INFO | [081/105] F.7 | LISTA
2026-09-22 11:50:07,041 | INFO | [082/105] F.8 | LISTA
2026-09-22 11:50:08,853 | INFO | [083/105] F.9 | LISTA
2026-09-22 11:50:10,938 | INFO | [084/105] F.10 | LISTA
2026-09-22 11:50:27,784 | INFO | [085/105] F.11 | LISTA
2026-09-22 11:50:46,702 | INFO | [086/105] F.12 | LISTA
2026-09-22 11:50:53,258 | INFO | [087/105] F.13 | LISTA
2026-09-22 11:51:00,029 | INFO | [088/105] F.14 | LISTA
2026-09-22 11:51:07,018 | INFO | [089/105] F.15 | LISTA
2026-09-22 11:51:29,259 | INFO | [090/105] F.16 | LISTA
2026-09-22 11:51:56,509 | INFO | [091/105] G.1 | LISTA
2026-09-22 11:51:57,820 | INFO | [092/105] H.1 | PENDIENTE_CODIGO
2026-09-22 11:51:57,823 | INFO | [093/105] H.2 | PENDIENTE_CODIGO
2026-09-22 11:51:57,825 | INFO | [094/105] H.3 | PENDIENTE_CODIGO
2026-09-22 11:51:57,827 | INFO | [095/105] H.4 | PENDIENTE_CODIGO
2026-09-22 11:51:57,829 | INFO | [096/105] H.5 | PENDIENTE_CODIGO
2026-09-22 11:51:57,832 | INFO | [097/105] H.6 | PENDIENTE_CODIGO
2026-09-22 11:51:57,834 | INFO | [098/105] H.7 | PENDIENTE_CODIGO
2026-09-22 11:51:57,836 | INFO | [099/105] H.8 | PENDIENTE_CODIGO
2026-09-22 11:51:57,838 | INFO | [100/105] H.9 | PENDIENTE_CODIGO
2026-09-22 11:51:57,840 | INFO | [101/105] H.10 | PENDIENTE_CODIGO
2026-09-22 11:51:57,843 | INFO | [102/105] H.11 | PENDIENTE_CODIGO
2026-09-22 11:51:57,845 | INFO | [103/105] H.12 | PENDIENTE_CODIGO
2026-09-22 11:51:57,847 | INFO | [104/105] H.13 | PENDIENTE_CODIGO
2026-09-22 11:51:57,850 | INFO | [105/105] H.14 | PENDIENTE_CODIGO
2026-09-22 11:51:57,856 | INFO | 
2026-09-22 11:51:57,856 | INFO | Reporte de corrida: C:\Users\gustavo.garcia\Documents\GitHub\Anuario-Estadistico-2026-7\reportes\20260922T173925458200Z_corrida
2026-09-22 11:52:01,834 | INFO | PPTX ensamblado: C:\Users\gustavo.garcia\Documents\GitHub\Anuario-Estadistico-2026-7\entrega\anuario_estadistico_2026_20260922T173925458200Z_corrida.pptx
2026-09-22 11:52:01,834 | INFO | Figuras insertadas: 91 | faltantes: 14 | errores: 0
2026-09-22 11:52:01,834 | INFO | Marcadores conservados para figuras faltantes: H.1, H.2, H.3, H.4, H.5, H.6, H.7, H.8, H.9, H.10, H.11, H.12, H.13, H.14
2026-09-22 11:52:01,835 | INFO | Reporte de ensamblaje: C:\Users\gustavo.garcia\Documents\GitHub\Anuario-Estadistico-2026-7\entrega\anuario_estadistico_2026_20260922T173925458200Z_corrida_ensamblaje.json
