2026-09-21 09:37:45,476 | INFO | INSUMOS DE DESCARGA MANUAL
2026-09-21 09:37:45,477 | INFO |   A.5 | 2 archivo(s) | C:\Users\gustavo.garcia\Documents\GitHub\Anuario-Estadistico-2026-7\data\manual\A.5
2026-09-21 09:37:45,478 | INFO |       Coloca aquí Datos_originales_y_actualizacion__1_.xlsx y 2026_2T_Flujos_TI_AC_3.xlsx. A.5 no descarga estos insumos.
2026-09-21 09:37:45,478 | INFO | 
2026-09-21 09:37:45,478 | INFO | Anuario Estadístico 2026 | corrida 20260921T153745470784Z_corrida
2026-09-21 09:37:45,478 | INFO | Figuras seleccionadas: 105 de 105
2026-09-21 09:37:45,478 | INFO | 
2026-09-21 09:37:45,479 | INFO | [001/105] A.1 | LISTA
2026-09-21 09:37:48,068 | INFO | [002/105] A.2 | LISTA
2026-09-21 09:41:42,676 | INFO | [003/105] A.3 | LISTA
2026-09-21 09:41:43,538 | INFO | [004/105] A.4 | LISTA
2026-09-21 09:41:45,625 | INFO | [005/105] A.5 | LISTA
2026-09-21 09:42:24,410 | INFO | [006/105] A.6 | LISTA
2026-09-21 09:42:26,647 | INFO | [007/105] A.7 | LISTA
2026-09-21 09:42:52,751 | INFO | [008/105] A.8 | LISTA
2026-09-21 09:43:16,747 | INFO | [009/105] A.9 | LISTA
2026-09-21 09:43:39,360 | INFO | [010/105] A.10 | LISTA
2026-09-21 09:44:02,053 | INFO | [011/105] B.1 | LISTA
2026-09-21 09:44:03,295 | INFO | [012/105] B.2 | LISTA
2026-09-21 09:44:04,504 | INFO | [013/105] B.3 | LISTA
2026-09-21 09:44:05,718 | INFO | [014/105] B.4 | LISTA
2026-09-21 09:44:08,233 | INFO | [015/105] B.5 | LISTA
2026-09-21 09:44:10,427 | INFO | [016/105] B.6 | LISTA
2026-09-21 09:44:12,447 | INFO | [017/105] B.7 | LISTA
2026-09-21 09:44:14,496 | INFO | [018/105] B.8 | LISTA
2026-09-21 09:44:16,609 | INFO | [019/105] B.9 | LISTA
2026-09-21 09:44:19,107 | INFO | [020/105] B.10 | LISTA
2026-09-21 09:44:20,898 | INFO | [021/105] B.11 | LISTA
2026-09-21 09:44:23,299 | INFO | [022/105] B.12 | LISTA
2026-09-21 09:44:25,522 | INFO | [023/105] B.13 | LISTA
2026-09-21 09:44:29,060 | INFO | [024/105] B.14 | LISTA
2026-09-21 09:44:32,076 | INFO | [025/105] B.15 | LISTA
2026-09-21 09:44:34,561 | INFO | [026/105] B.16 | LISTA
2026-09-21 09:44:37,971 | INFO | [027/105] B.17 | LISTA
2026-09-21 09:44:40,492 | INFO | [028/105] B.18 | LISTA
2026-09-21 09:44:42,334 | INFO | [029/105] B.19 | LISTA
2026-09-21 09:44:45,203 | INFO | [030/105] B.20 | LISTA
2026-09-21 09:44:47,484 | INFO | [031/105] B.21 | LISTA
2026-09-21 09:44:51,844 | INFO | [032/105] B.22 | LISTA
2026-09-21 09:45:57,841 | INFO | [033/105] B.23 | LISTA
2026-09-21 09:46:08,262 | INFO | [034/105] B.24 | LISTA
2026-09-21 09:46:10,707 | INFO | [035/105] B.25 | LISTA
2026-09-21 09:46:12,450 | INFO | [036/105] C.1 | LISTA
2026-09-21 09:46:12,985 | INFO | [037/105] C.2 | LISTA
2026-09-21 09:46:13,850 | INFO | [038/105] C.3 | LISTA
2026-09-21 09:46:14,810 | INFO | [039/105] C.4 | LISTA
2026-09-21 09:46:16,013 | INFO | [040/105] C.5 | LISTA
2026-09-21 09:46:18,117 | INFO | [041/105] C.6 | LISTA
2026-09-21 09:46:20,166 | INFO | [042/105] C.7 | LISTA
2026-09-21 09:46:22,175 | INFO | [043/105] C.8 | LISTA
2026-09-21 09:46:24,073 | INFO | [044/105] C.9 | LISTA
2026-09-21 09:46:26,442 | INFO | [045/105] C.10 | LISTA
2026-09-21 09:46:28,214 | INFO | [046/105] C.11 | LISTA
2026-09-21 09:46:30,407 | INFO | [047/105] C.12 | LISTA
2026-09-21 09:46:32,284 | INFO | [048/105] C.13 | LISTA
2026-09-21 09:46:34,254 | INFO | [049/105] C.14 | LISTA
2026-09-21 09:46:36,593 | INFO | [050/105] C.15 | LISTA
2026-09-21 09:46:38,824 | INFO | [051/105] C.16 | LISTA
2026-09-21 09:46:40,542 | INFO | [052/105] D.1 | LISTA
2026-09-21 09:46:43,021 | INFO | [053/105] D.2 | LISTA
2026-09-21 09:46:44,680 | INFO | [054/105] D.3 | LISTA
2026-09-21 09:46:45,868 | INFO | [055/105] D.4 | LISTA
2026-09-21 09:46:47,217 | INFO | [056/105] D.5 | LISTA
2026-09-21 09:46:47,845 | INFO | [057/105] D.6 | LISTA
2026-09-21 09:46:48,499 | INFO | [058/105] D.7 | LISTA
2026-09-21 09:46:49,281 | INFO | [059/105] D.8 | LISTA
2026-09-21 09:46:49,830 | INFO | [060/105] D.9 | LISTA
2026-09-21 09:46:50,612 | INFO | [061/105] D.10 | LISTA
2026-09-21 09:46:51,425 | INFO | [062/105] D.11 | LISTA
2026-09-21 09:46:52,357 | INFO | [063/105] E.1 | LISTA
2026-09-21 09:48:39,558 | INFO | [064/105] E.2 | LISTA
2026-09-21 09:48:40,712 | INFO | [065/105] E.3 | LISTA
2026-09-21 09:49:03,965 | INFO | [066/105] E.4 | LISTA
2026-09-21 09:49:23,540 | INFO | [067/105] E.5 | LISTA
2026-09-21 09:49:43,234 | INFO | [068/105] E.6 | LISTA
2026-09-21 09:49:52,581 | INFO | [069/105] E.7 | LISTA
2026-09-21 09:50:06,972 | INFO | [070/105] E.8 | LISTA
2026-09-21 09:50:19,186 | INFO | [071/105] E.9 | LISTA
2026-09-21 09:50:20,780 | INFO | [072/105] F.1.1 | LISTA
2026-09-21 09:50:21,797 | INFO | [073/105] F.1.2 | LISTA
2026-09-21 09:50:23,390 | INFO | [074/105] F.1.3 | LISTA
2026-09-21 09:50:25,004 | INFO | [075/105] F.1.4 | LISTA
2026-09-21 09:50:26,794 | INFO | [076/105] F.2 | LISTA
2026-09-21 09:50:44,497 | INFO | [077/105] F.3 | LISTA
2026-09-21 09:50:46,834 | INFO | [078/105] F.4 | LISTA
2026-09-21 09:50:49,301 | INFO | [079/105] F.5 | LISTA
2026-09-21 09:50:51,382 | INFO | [080/105] F.6 | LISTA
2026-09-21 09:50:53,690 | INFO | [081/105] F.7 | LISTA
2026-09-21 09:50:56,159 | INFO | [082/105] F.8 | LISTA
2026-09-21 09:50:58,339 | INFO | [083/105] F.9 | LISTA
2026-09-21 09:51:00,791 | INFO | [084/105] F.10 | LISTA
2026-09-21 09:51:24,739 | INFO | [085/105] F.11 | LISTA
2026-09-21 09:51:48,373 | INFO | [086/105] F.12 | LISTA
2026-09-21 09:51:56,905 | INFO | [087/105] F.13 | LISTA
2026-09-21 09:52:06,850 | INFO | [088/105] F.14 | LISTA
2026-09-21 09:52:17,370 | INFO | [089/105] F.15 | LISTA
2026-09-21 09:52:44,922 | INFO | [090/105] F.16 | LISTA
2026-09-21 09:53:12,320 | INFO | [091/105] G.1 | LISTA
2026-09-21 09:53:13,251 | INFO | [092/105] H.1 | PENDIENTE_CODIGO
2026-09-21 09:53:13,253 | INFO | [093/105] H.2 | PENDIENTE_CODIGO
2026-09-21 09:53:13,254 | INFO | [094/105] H.3 | PENDIENTE_CODIGO
2026-09-21 09:53:13,256 | INFO | [095/105] H.4 | PENDIENTE_CODIGO
2026-09-21 09:53:13,258 | INFO | [096/105] H.5 | PENDIENTE_CODIGO
2026-09-21 09:53:13,261 | INFO | [097/105] H.6 | PENDIENTE_CODIGO
2026-09-21 09:53:13,263 | INFO | [098/105] H.7 | PENDIENTE_CODIGO
2026-09-21 09:53:13,265 | INFO | [099/105] H.8 | PENDIENTE_CODIGO
2026-09-21 09:53:13,268 | INFO | [100/105] H.9 | PENDIENTE_CODIGO
2026-09-21 09:53:13,270 | INFO | [101/105] H.10 | PENDIENTE_CODIGO
2026-09-21 09:53:13,271 | INFO | [102/105] H.11 | PENDIENTE_CODIGO
2026-09-21 09:53:13,273 | INFO | [103/105] H.12 | PENDIENTE_CODIGO
2026-09-21 09:53:13,275 | INFO | [104/105] H.13 | PENDIENTE_CODIGO
2026-09-21 09:53:13,277 | INFO | [105/105] H.14 | PENDIENTE_CODIGO
2026-09-21 09:53:13,283 | INFO | 
2026-09-21 09:53:13,283 | INFO | Reporte de corrida: C:\Users\gustavo.garcia\Documents\GitHub\Anuario-Estadistico-2026-7\reportes\20260921T153745470784Z_corrida
2026-09-21 09:53:15,347 | INFO | PPTX ensamblado: C:\Users\gustavo.garcia\Documents\GitHub\Anuario-Estadistico-2026-7\entrega\anuario_estadistico_2026_20260921T153745470784Z_corrida.pptx
2026-09-21 09:53:15,348 | INFO | Figuras insertadas: 91 | faltantes: 14 | errores: 0
2026-09-21 09:53:15,348 | INFO | Marcadores conservados para figuras faltantes: H.1, H.2, H.3, H.4, H.5, H.6, H.7, H.8, H.9, H.10, H.11, H.12, H.13, H.14
2026-09-21 09:53:15,348 | INFO | Reporte de ensamblaje: C:\Users\gustavo.garcia\Documents\GitHub\Anuario-Estadistico-2026-7\entrega\anuario_estadistico_2026_20260921T153745470784Z_corrida_ensamblaje.json
